{
    "datasets": [
        {
            "data": [
                2,
                1,
                1,
                1,
                0,
                0,
                0,
                1,
                1,
                0,
                1,
                1
            ]
        }
    ],
    "labels": [
        "Mar 2023",
        "Apr 2023",
        "May 2023",
        "Jun 2023",
        "Jul 2023",
        "Aug 2023",
        "Sep 2023",
        "Oct 2023",
        "Nov 2023",
        "Dec 2023",
        "Jan 2024",
        "Feb 2024"
    ]
}